[error] error: missing FROM-clause entry for table "t"
    at C:\Users\Admin\Desktop\Rental System\backend\node_modules\pg-pool\index.js:45:11
    at process.processTicksAndRejections (node:internal/process/task_queues:104:5)
    at async query (C:\Users\Admin\Desktop\Rental System\backend\src\config\db.ts:24:15)
    at async queryOne (C:\Users\Admin\Desktop\Rental System\backend\src\config\db.ts:33:16)
    at async listSms (C:\Users\Admin\Desktop\Rental System\backend\src\services\smsService.ts:105:20)
    at async <anonymous> (C:\Users\Admin\Desktop\Rental System\backend\src\routes\sms.ts:28:18)
node:events:487
      throw er; // Unhandled 'error' event
      ^

Error: listen EADDRINUSE: address already in use :::4000
    at Server.setupListenHandle [as _listen2] (node:net:2008:16)
    at listenInCluster (node:net:2065:12)
    at Server.listen (node:net:2170:7)
    at app.listen (C:\Users\Admin\Desktop\Rental System\backend\node_modules\express\lib\application.js:635:24)
    at main (C:\Users\Admin\Desktop\Rental System\backend\src\index.ts:11:9)
    at process.processTicksAndRejections (node:internal/process/task_queues:104:5)
Emitted 'error' event on Server instance at:
    at emitErrorNT (node:net:2044:8)
    at process.processTicksAndRejections (node:internal/process/task_queues:90:21) {
  code: 'EADDRINUSE',
  errno: -4091,
  syscall: 'listen',
  address: '::',
  port: 4000
}

Node.js v26.3.0
node:events:487
      throw er; // Unhandled 'error' event
      ^

Error: listen EADDRINUSE: address already in use :::4000
    at Server.setupListenHandle [as _listen2] (node:net:2008:16)
    at listenInCluster (node:net:2065:12)
    at Server.listen (node:net:2170:7)
    at app.listen (C:\Users\Admin\Desktop\Rental System\backend\node_modules\express\lib\application.js:635:24)
    at main (C:\Users\Admin\Desktop\Rental System\backend\src\index.ts:11:9)
    at process.processTicksAndRejections (node:internal/process/task_queues:104:5)
Emitted 'error' event on Server instance at:
    at emitErrorNT (node:net:2044:8)
    at process.processTicksAndRejections (node:internal/process/task_queues:90:21) {
  code: 'EADDRINUSE',
  errno: -4091,
  syscall: 'listen',
  address: '::',
  port: 4000
}

Node.js v26.3.0
node:events:487
      throw er; // Unhandled 'error' event
      ^

Error: listen EADDRINUSE: address already in use :::4000
    at Server.setupListenHandle [as _listen2] (node:net:2008:16)
    at listenInCluster (node:net:2065:12)
    at Server.listen (node:net:2170:7)
    at app.listen (C:\Users\Admin\Desktop\Rental System\backend\node_modules\express\lib\application.js:635:24)
    at main (C:\Users\Admin\Desktop\Rental System\backend\src\index.ts:11:9)
    at process.processTicksAndRejections (node:internal/process/task_queues:104:5)
Emitted 'error' event on Server instance at:
    at emitErrorNT (node:net:2044:8)
    at process.processTicksAndRejections (node:internal/process/task_queues:90:21) {
  code: 'EADDRINUSE',
  errno: -4091,
  syscall: 'listen',
  address: '::',
  port: 4000
}

Node.js v26.3.0
